Archive member included because of file (symbol)

C:\Users\theod\workspace.kds\Project\Library\libOS.a(OS.o)
                              ./Sources/main.o (OS_Init)
C:\Users\theod\workspace.kds\Project\Library\libAnalog.a(analog.o)
                              ./Sources/main.o (Analog_Init)
C:\Users\theod\workspace.kds\Project\Library\libAnalog.a(SPI.o)
                              C:\Users\theod\workspace.kds\Project\Library\libAnalog.a(analog.o) (SPI_Init)
c:/freescale/kds_v3/toolchain/bin/../lib/gcc/arm-none-eabi/4.8.4/../../../../arm-none-eabi/lib/armv7e-m/fpu\libm.a(lib_a-w_sqrt.o)
                              ./Sources/RMS.o (sqrt)
c:/freescale/kds_v3/toolchain/bin/../lib/gcc/arm-none-eabi/4.8.4/../../../../arm-none-eabi/lib/armv7e-m/fpu\libm.a(lib_a-e_sqrt.o)
                              c:/freescale/kds_v3/toolchain/bin/../lib/gcc/arm-none-eabi/4.8.4/../../../../arm-none-eabi/lib/armv7e-m/fpu\libm.a(lib_a-w_sqrt.o) (__ieee754_sqrt)
c:/freescale/kds_v3/toolchain/bin/../lib/gcc/arm-none-eabi/4.8.4/../../../../arm-none-eabi/lib/armv7e-m/fpu\libm.a(lib_a-s_fpclassify.o)
                              c:/freescale/kds_v3/toolchain/bin/../lib/gcc/arm-none-eabi/4.8.4/../../../../arm-none-eabi/lib/armv7e-m/fpu\libm.a(lib_a-w_sqrt.o) (__fpclassifyd)
c:/freescale/kds_v3/toolchain/bin/../lib/gcc/arm-none-eabi/4.8.4/../../../../arm-none-eabi/lib/armv7e-m/fpu\libm.a(lib_a-s_lib_ver.o)
                              c:/freescale/kds_v3/toolchain/bin/../lib/gcc/arm-none-eabi/4.8.4/../../../../arm-none-eabi/lib/armv7e-m/fpu\libm.a(lib_a-w_sqrt.o) (__fdlib_version)
c:/freescale/kds_v3/toolchain/bin/../lib/gcc/arm-none-eabi/4.8.4/../../../../arm-none-eabi/lib/armv7e-m/fpu\libm.a(lib_a-s_matherr.o)
                              c:/freescale/kds_v3/toolchain/bin/../lib/gcc/arm-none-eabi/4.8.4/../../../../arm-none-eabi/lib/armv7e-m/fpu\libm.a(lib_a-w_sqrt.o) (matherr)
c:/freescale/kds_v3/toolchain/bin/../lib/gcc/arm-none-eabi/4.8.4/armv7e-m/fpu\libgcc.a(_arm_addsubdf3.o)
                              ./Sources/VRR.o (__aeabi_dsub)
c:/freescale/kds_v3/toolchain/bin/../lib/gcc/arm-none-eabi/4.8.4/armv7e-m/fpu\libgcc.a(_arm_muldivdf3.o)
                              c:/freescale/kds_v3/toolchain/bin/../lib/gcc/arm-none-eabi/4.8.4/../../../../arm-none-eabi/lib/armv7e-m/fpu\libm.a(lib_a-e_sqrt.o) (__aeabi_dmul)
c:/freescale/kds_v3/toolchain/bin/../lib/gcc/arm-none-eabi/4.8.4/armv7e-m/fpu\libgcc.a(_arm_cmpdf2.o)
                              ./Sources/VRR.o (__aeabi_dcmplt)
c:/freescale/kds_v3/toolchain/bin/../lib/gcc/arm-none-eabi/4.8.4/armv7e-m/fpu\libgcc.a(_arm_fixdfsi.o)
                              ./Sources/VRR.o (__aeabi_d2iz)
c:/freescale/kds_v3/toolchain/bin/../lib/gcc/arm-none-eabi/4.8.4/armv7e-m/fpu\libgcc.a(_arm_fixunsdfsi.o)
                              ./Sources/PIT.o (__aeabi_d2uiz)
c:/freescale/kds_v3/toolchain/bin/../lib/gcc/arm-none-eabi/4.8.4/armv7e-m/fpu\libgcc.a(_arm_truncdfsf2.o)
                              ./Sources/RMS.o (__aeabi_d2f)
c:/freescale/kds_v3/toolchain/bin/../lib/gcc/arm-none-eabi/4.8.4/armv7e-m/fpu\libgcc.a(_fixunsdfdi.o)
                              ./Sources/main.o (__aeabi_d2ulz)
c:/freescale/kds_v3/toolchain/bin/../lib/gcc/arm-none-eabi/4.8.4/../../../../arm-none-eabi/lib/armv7e-m/fpu\libg_s.a(lib_a-errno.o)
                              c:/freescale/kds_v3/toolchain/bin/../lib/gcc/arm-none-eabi/4.8.4/../../../../arm-none-eabi/lib/armv7e-m/fpu\libm.a(lib_a-w_sqrt.o) (__errno)
c:/freescale/kds_v3/toolchain/bin/../lib/gcc/arm-none-eabi/4.8.4/../../../../arm-none-eabi/lib/armv7e-m/fpu\libg_s.a(lib_a-exit.o)
                              c:/freescale/kds_v3/toolchain/bin/../lib/gcc/arm-none-eabi/4.8.4/../../../../arm-none-eabi/lib/armv7e-m/fpu/crt0.o (exit)
c:/freescale/kds_v3/toolchain/bin/../lib/gcc/arm-none-eabi/4.8.4/../../../../arm-none-eabi/lib/armv7e-m/fpu\libg_s.a(lib_a-impure.o)
                              c:/freescale/kds_v3/toolchain/bin/../lib/gcc/arm-none-eabi/4.8.4/../../../../arm-none-eabi/lib/armv7e-m/fpu\libg_s.a(lib_a-exit.o) (_global_impure_ptr)
c:/freescale/kds_v3/toolchain/bin/../lib/gcc/arm-none-eabi/4.8.4/../../../../arm-none-eabi/lib/armv7e-m/fpu\libg_s.a(lib_a-init.o)
                              c:/freescale/kds_v3/toolchain/bin/../lib/gcc/arm-none-eabi/4.8.4/../../../../arm-none-eabi/lib/armv7e-m/fpu/crt0.o (__libc_init_array)
c:/freescale/kds_v3/toolchain/bin/../lib/gcc/arm-none-eabi/4.8.4/../../../../arm-none-eabi/lib/armv7e-m/fpu\libg_s.a(lib_a-memset.o)
                              c:/freescale/kds_v3/toolchain/bin/../lib/gcc/arm-none-eabi/4.8.4/../../../../arm-none-eabi/lib/armv7e-m/fpu/crt0.o (memset)
c:/freescale/kds_v3/toolchain/bin/../lib/gcc/arm-none-eabi/4.8.4/../../../../arm-none-eabi/lib/armv7e-m/fpu\libnosys.a(_exit.o)
                              c:/freescale/kds_v3/toolchain/bin/../lib/gcc/arm-none-eabi/4.8.4/../../../../arm-none-eabi/lib/armv7e-m/fpu\libg_s.a(lib_a-exit.o) (_exit)

[...]
Memory Configuration

Name             Origin             Length             Attributes
m_interrupts     0x00000000         0x000001e8         xr
m_text           0x00000410         0x0007fbf0         xr
m_data           0x1fff0000         0x00010000         rw
m_data_20000000  0x20000000         0x00010000         rw
m_cfmprotrom     0x00000400         0x00000010         xr
*default*        0x00000000         0xffffffff

Linker script and memory map

LOAD c:/freescale/kds_v3/toolchain/bin/../lib/gcc/arm-none-eabi/4.8.4/armv7e-m/fpu/crti.o
LOAD c:/freescale/kds_v3/toolchain/bin/../lib/gcc/arm-none-eabi/4.8.4/armv7e-m/fpu/crtbegin.o
LOAD c:/freescale/kds_v3/toolchain/bin/../lib/gcc/arm-none-eabi/4.8.4/../../../../arm-none-eabi/lib/armv7e-m/fpu/crt0.o
LOAD ./Sources/FIFO.o
LOAD ./Sources/Flash.o
LOAD ./Sources/Frequnency.o
LOAD ./Sources/LEDs.o
LOAD ./Sources/PIT.o
LOAD ./Sources/RMS.o
LOAD ./Sources/Spectrum.o
LOAD ./Sources/UART.o
LOAD ./Sources/VRR.o
LOAD ./Sources/handle.o
LOAD ./Sources/main.o
LOAD ./Sources/packet.o
LOAD ./Project_Settings/Startup_Code/startup.o
LOAD ./Generated_Code/Cpu.o
LOAD ./Generated_Code/Vectors.o
LOAD C:\Users\theod\workspace.kds\Project\Library\libOS.a
LOAD C:\Users\theod\workspace.kds\Project\Library\libAnalog.a
LOAD c:/freescale/kds_v3/toolchain/bin/../lib/gcc/arm-none-eabi/4.8.4/../../../../arm-none-eabi/lib/armv7e-m/fpu\libstdc++_s.a
LOAD c:/freescale/kds_v3/toolchain/bin/../lib/gcc/arm-none-eabi/4.8.4/../../../../arm-none-eabi/lib/armv7e-m/fpu\libm.a
START GROUP
LOAD c:/freescale/kds_v3/toolchain/bin/../lib/gcc/arm-none-eabi/4.8.4/armv7e-m/fpu\libgcc.a
LOAD c:/freescale/kds_v3/toolchain/bin/../lib/gcc/arm-none-eabi/4.8.4/../../../../arm-none-eabi/lib/armv7e-m/fpu\libg_s.a
LOAD c:/freescale/kds_v3/toolchain/bin/../lib/gcc/arm-none-eabi/4.8.4/../../../../arm-none-eabi/lib/armv7e-m/fpu\libc_s.a
END GROUP
START GROUP
LOAD c:/freescale/kds_v3/toolchain/bin/../lib/gcc/arm-none-eabi/4.8.4/armv7e-m/fpu\libgcc.a
LOAD c:/freescale/kds_v3/toolchain/bin/../lib/gcc/arm-none-eabi/4.8.4/../../../../arm-none-eabi/lib/armv7e-m/fpu\libc_s.a
LOAD c:/freescale/kds_v3/toolchain/bin/../lib/gcc/arm-none-eabi/4.8.4/../../../../arm-none-eabi/lib/armv7e-m/fpu\libnosys.a
END GROUP
START GROUP
LOAD c:/freescale/kds_v3/toolchain/bin/../lib/gcc/arm-none-eabi/4.8.4/armv7e-m/fpu\libgcc.a
LOAD c:/freescale/kds_v3/toolchain/bin/../lib/gcc/arm-none-eabi/4.8.4/../../../../arm-none-eabi/lib/armv7e-m/fpu\libc_s.a
LOAD c:/freescale/kds_v3/toolchain/bin/../lib/gcc/arm-none-eabi/4.8.4/../../../../arm-none-eabi/lib/armv7e-m/fpu\libnosys.a
END GROUP
LOAD c:/freescale/kds_v3/toolchain/bin/../lib/gcc/arm-none-eabi/4.8.4/armv7e-m/fpu/crtend.o
LOAD c:/freescale/kds_v3/toolchain/bin/../lib/gcc/arm-none-eabi/4.8.4/armv7e-m/fpu/crtn.o
                0x20000000                _estack = 0x20000000
                0x20000000                __SP_INIT = _estack
                0x20000000                __stack = _estack
                0x00000000                __heap_size = 0x0
                0x00000400                __stack_size = 0x400

.interrupts     0x00000000      0x1e8
                0x00000000                __vector_table = .
                0x00000000                . = ALIGN (0x4)
 *(.vectortable)
 .vectortable   0x00000000      0x1e8 ./Generated_Code/Vectors.o
                0x00000000                __vect_table
                0x000001e8                . = ALIGN (0x4)

.cfmprotect     0x00000400       0x10
                0x00000400                . = ALIGN (0x4)
 *(.cfmconfig)
 .cfmconfig     0x00000400       0x10 ./Generated_Code/Cpu.o
                0x00000400                _cfm
                0x00000410                . = ALIGN (0x4)

.text           0x00000410     0x3dfc
                0x00000410                . = ALIGN (0x4)
 *(.text)
 .text          0x00000410       0x54 c:/freescale/kds_v3/toolchain/bin/../lib/gcc/arm-none-eabi/4.8.4/armv7e-m/fpu/crtbegin.o
 .text          0x00000464       0x74 c:/freescale/kds_v3/toolchain/bin/../lib/gcc/arm-none-eabi/4.8.4/../../../../arm-none-eabi/lib/armv7e-m/fpu/crt0.o
                0x00000464                _start
                0x00000464                _mainCRTStartup
 .text          0x000004d8      0x370 c:/freescale/kds_v3/toolchain/bin/../lib/gcc/arm-none-eabi/4.8.4/armv7e-m/fpu\libgcc.a(_arm_addsubdf3.o)
                0x000004d8                __aeabi_drsub
                0x000004e0                __aeabi_dsub
                0x000004e0                __subdf3
                0x000004e4                __aeabi_dadd
                0x000004e4                __adddf3
                0x0000075c                __floatunsidf
                0x0000075c                __aeabi_ui2d
                0x0000077c                __floatsidf
                0x0000077c                __aeabi_i2d
                0x000007a0                __aeabi_f2d
                0x000007a0                __extendsfdf2
                0x000007dc                __floatundidf
                0x000007dc                __aeabi_ul2d
                0x000007ec                __floatdidf
                0x000007ec                __aeabi_l2d
 .text          0x00000848      0x424 c:/freescale/kds_v3/toolchain/bin/../lib/gcc/arm-none-eabi/4.8.4/armv7e-m/fpu\libgcc.a(_arm_muldivdf3.o)
                0x00000848                __aeabi_dmul
                0x00000848                __muldf3
                0x00000a9c                __divdf3
                0x00000a9c                __aeabi_ddiv
 .text          0x00000c6c      0x110 c:/freescale/kds_v3/toolchain/bin/../lib/gcc/arm-none-eabi/4.8.4/armv7e-m/fpu\libgcc.a(_arm_cmpdf2.o)
                0x00000c6c                __gtdf2
                0x00000c6c                __gedf2
                0x00000c74                __ltdf2
                0x00000c74                __ledf2
                0x00000c7c                __nedf2
                0x00000c7c                __eqdf2
                0x00000c7c                __cmpdf2
                0x00000cf8                __aeabi_cdrcmple
                0x00000d08                __aeabi_cdcmpeq
                0x00000d08                __aeabi_cdcmple
                0x00000d18                __aeabi_dcmpeq
                0x00000d2c                __aeabi_dcmplt
                0x00000d40                __aeabi_dcmple
                0x00000d54                __aeabi_dcmpge
                0x00000d68                __aeabi_dcmpgt
 .text          0x00000d7c       0x50 c:/freescale/kds_v3/toolchain/bin/../lib/gcc/arm-none-eabi/4.8.4/armv7e-m/fpu\libgcc.a(_arm_fixdfsi.o)
                0x00000d7c                __aeabi_d2iz
                0x00000d7c                __fixdfsi
 .text          0x00000dcc       0x40 c:/freescale/kds_v3/toolchain/bin/../lib/gcc/arm-none-eabi/4.8.4/armv7e-m/fpu\libgcc.a(_arm_fixunsdfsi.o)
                0x00000dcc                __aeabi_d2uiz
                0x00000dcc                __fixunsdfsi
 .text          0x00000e0c       0xa0 c:/freescale/kds_v3/toolchain/bin/../lib/gcc/arm-none-eabi/4.8.4/armv7e-m/fpu\libgcc.a(_arm_truncdfsf2.o)
                0x00000e0c                __truncdfsf2
                0x00000e0c                __aeabi_d2f
 .text          0x00000eac       0x44 c:/freescale/kds_v3/toolchain/bin/../lib/gcc/arm-none-eabi/4.8.4/armv7e-m/fpu\libgcc.a(_fixunsdfdi.o)
                0x00000eac                __fixunsdfdi
                0x00000eac                __aeabi_d2ulz
 *(.text*)
 .text.FIFO_Init
                0x00000ef0       0x34 ./Sources/FIFO.o
                0x00000ef0                FIFO_Init
 .text.FIFO_Put
                0x00000f24       0x50 ./Sources/FIFO.o
                0x00000f24                FIFO_Put
 .text.FIFO_Get
                0x00000f74       0x50 ./Sources/FIFO.o
                0x00000f74                FIFO_Get
 .text.Flash_Init
                0x00000fc4       0x18 ./Sources/Flash.o
                0x00000fc4                Flash_Init
 .text.LaunchCommand
                0x00000fdc       0xb0 ./Sources/Flash.o
 .text.Flash_AllocateVar
                0x0000108c      0x170 ./Sources/Flash.o
                0x0000108c                Flash_AllocateVar
 .text.WritePhrase
                0x000011fc       0x30 ./Sources/Flash.o
 .text.EraseSector
                0x0000122c       0x24 ./Sources/Flash.o
 .text.ModifyPhrase
                0x00001250       0x50 ./Sources/Flash.o
 .text.Flash_Write32
                0x000012a0       0x70 ./Sources/Flash.o
                0x000012a0                Flash_Write32
 .text.Flash_Write16
                0x00001310       0x78 ./Sources/Flash.o
                0x00001310                Flash_Write16
 .text.LEDs_Init
                0x00001388       0xcc ./Sources/LEDs.o
                0x00001388                LEDs_Init
 .text.LEDs_Off
                0x00001454       0x1c ./Sources/LEDs.o
                0x00001454                LEDs_Off
 .text.PIT_Init
                0x00001470       0xf4 ./Sources/PIT.o
                0x00001470                PIT_Init
 *fill*         0x00001564        0x4 
 .text.PIT_Set  0x00001568       0x78 ./Sources/PIT.o
                0x00001568                PIT_Set
 .text.PIT_Enable
                0x000015e0       0x40 ./Sources/PIT.o
                0x000015e0                PIT_Enable
 .text.PIT_ISR  0x00001620       0x40 ./Sources/PIT.o
                0x00001620                PIT_ISR
 .text.RMS_Calculate
                0x00001660       0xa4 ./Sources/RMS.o
                0x00001660                RMS_Calculate
 .text.UART_Init
                0x00001704      0x15c ./Sources/UART.o
                0x00001704                UART_Init
 .text.UART_InChar
                0x00001860       0x1c ./Sources/UART.o
                0x00001860                UART_InChar
 .text.UART_OutChar
                0x0000187c       0x34 ./Sources/UART.o
                0x0000187c                UART_OutChar
 .text.UART_ReceiveThread
                0x000018b0       0x48 ./Sources/UART.o
                0x000018b0                UART_ReceiveThread
 .text.UART_TransmitThread
                0x000018f8       0x58 ./Sources/UART.o
                0x000018f8                UART_TransmitThread
 .text.VRR_CalcDeviation
                0x00001950       0xb8 ./Sources/VRR.o
                0x00001950                VRR_CalcDeviation
 .text.SendTimingModePacket
                0x00001a08       0x1c ./Sources/handle.o
 .text.HandleTimingCommand
                0x00001a24       0x58 ./Sources/handle.o
 .text.SendNbRaisesPacket
                0x00001a7c       0x20 ./Sources/handle.o
 .text.HandleNbRaisesCommand
                0x00001a9c       0x50 ./Sources/handle.o
 .text.SendNbLowersPacket
                0x00001aec       0x20 ./Sources/handle.o
 .text.HandleNbLowersCommand
                0x00001b0c       0x50 ./Sources/handle.o
 .text.HandleFrequencyCommand
                0x00001b5c       0x10 ./Sources/handle.o
 .text.HandleVoltageCommand
                0x00001b6c       0x10 ./Sources/handle.o
 .text.HandleSpectrumCommand
                0x00001b7c       0x10 ./Sources/handle.o
 .text.HandlePacket
                0x00001b8c      0x100 ./Sources/handle.o
 .text.Handle_PacketThread
                0x00001c8c       0x30 ./Sources/handle.o
                0x00001c8c                Handle_PacketThread
 .text.InitModulesThread
                0x00001cbc      0x154 ./Sources/main.o
 .text.Sample_Thread
                0x00001e10       0xac ./Sources/main.o
                0x00001e10                Sample_Thread
 *fill*         0x00001ebc        0x4 
 .text.RMS_CalcThread
                0x00001ec0      0x1d8 ./Sources/main.o
                0x00001ec0                RMS_CalcThread
 .text.Alarm_Thread
                0x00002098      0x2a0 ./Sources/main.o
                0x00002098                Alarm_Thread
 .text.SignalOutput_Thread
                0x00002338      0x128 ./Sources/main.o
                0x00002338                SignalOutput_Thread
 .text.main     0x00002460      0x12c ./Sources/main.o
                0x00002460                main
 .text.Packet_Init
                0x0000258c       0x48 ./Sources/packet.o
                0x0000258c                Packet_Init
 .text.Packet_Get
                0x000025d4       0xbc ./Sources/packet.o
                0x000025d4                Packet_Get
 .text.Packet_Put
                0x00002690       0x54 ./Sources/packet.o
                0x00002690                Packet_Put
 .text.__copy_rom_section
                0x000026e4       0xe4 ./Project_Settings/Startup_Code/startup.o
                0x000026e4                __copy_rom_section
 .text.__copy_rom_sections_to_ram
                0x000027c8       0x9c ./Project_Settings/Startup_Code/startup.o
                0x000027c8                __copy_rom_sections_to_ram
 .text.__init_registers
                0x00002864       0x20 ./Project_Settings/Startup_Code/startup.o
                0x00002864                __init_registers
 .text.__init_user
                0x00002884        0xc ./Project_Settings/Startup_Code/startup.o
                0x00002884                __init_user
 .text.__thumb_startup
                0x00002890       0x34 ./Project_Settings/Startup_Code/startup.o
                0x00002890                __thumb_startup
 .text.Cpu_Interrupt
                0x000028c4       0x18 ./Generated_Code/Cpu.o
                0x000028c4                Cpu_Interrupt
 .text.__init_hardware
                0x000028dc      0x1cc ./Generated_Code/Cpu.o
                0x000028dc                __init_hardware
 .text.Cpu_SetBASEPRI
                0x00002aa8       0x18 ./Generated_Code/Cpu.o
                0x00002aa8                Cpu_SetBASEPRI
 .text.PE_low_level_init
                0x00002ac0       0xe4 ./Generated_Code/Cpu.o
                0x00002ac0                PE_low_level_init
 .text.OS_Init  0x00002ba4      0x110 C:\Users\theod\workspace.kds\Project\Library\libOS.a(OS.o)
                0x00002ba4                OS_Init
 .text.OS_ISREnter
                0x00002cb4       0x20 C:\Users\theod\workspace.kds\Project\Library\libOS.a(OS.o)
                0x00002cb4                OS_ISREnter
 .text.OS_ISRExit
                0x00002cd4       0x1c C:\Users\theod\workspace.kds\Project\Library\libOS.a(OS.o)
                0x00002cd4                OS_ISRExit
 .text.OS_SemaphoreCreate
                0x00002cf0       0x90 C:\Users\theod\workspace.kds\Project\Library\libOS.a(OS.o)
                0x00002cf0                OS_SemaphoreCreate
 .text.OS_SemaphoreSignal
                0x00002d80       0x44 C:\Users\theod\workspace.kds\Project\Library\libOS.a(OS.o)
                0x00002d80                OS_SemaphoreSignal
 .text.OS_SemaphoreWait
                0x00002dc4       0x58 C:\Users\theod\workspace.kds\Project\Library\libOS.a(OS.o)
                0x00002dc4                OS_SemaphoreWait
 .text.OS_Start
                0x00002e1c       0x10 C:\Users\theod\workspace.kds\Project\Library\libOS.a(OS.o)
                0x00002e1c                OS_Start
 .text.OS_ThreadCreate
                0x00002e2c      0x160 C:\Users\theod\workspace.kds\Project\Library\libOS.a(OS.o)
                0x00002e2c                OS_ThreadCreate
 .text.OS_ThreadDelete
                0x00002f8c      0x18c C:\Users\theod\workspace.kds\Project\Library\libOS.a(OS.o)
                0x00002f8c                OS_ThreadDelete
 .text.EventThreadReady
                0x00003118       0x68 C:\Users\theod\workspace.kds\Project\Library\libOS.a(OS.o)
 .text.EventThreadWait
                0x00003180       0x64 C:\Users\theod\workspace.kds\Project\Library\libOS.a(OS.o)
 .text.EventTimeout
                0x000031e4       0x40 C:\Users\theod\workspace.kds\Project\Library\libOS.a(OS.o)
 .text.Idle     0x00003224       0x18 C:\Users\theod\workspace.kds\Project\Library\libOS.a(OS.o)
 .text.FindFirstSet
                0x0000323c       0x44 C:\Users\theod\workspace.kds\Project\Library\libOS.a(OS.o)
 .text.Schedule
                0x00003280       0x64 C:\Users\theod\workspace.kds\Project\Library\libOS.a(OS.o)
 .text.TCBInit  0x000032e4       0xcc C:\Users\theod\workspace.kds\Project\Library\libOS.a(OS.o)
 .text.TimeTick
                0x000033b0       0x74 C:\Users\theod\workspace.kds\Project\Library\libOS.a(OS.o)
 *fill*         0x00003424        0xc 
 .text.OS_ContextSwitchISR
                0x00003430       0x70 C:\Users\theod\workspace.kds\Project\Library\libOS.a(OS.o)
                0x00003430                OS_ContextSwitchISR
 .text.OS_SysTickISR
                0x000034a0       0x5c C:\Users\theod\workspace.kds\Project\Library\libOS.a(OS.o)
                0x000034a0                OS_SysTickISR
 .text.DACWrite
                0x000034fc       0x6c C:\Users\theod\workspace.kds\Project\Library\libAnalog.a(analog.o)
 .text.Analog_Init
                0x00003568       0x7c C:\Users\theod\workspace.kds\Project\Library\libAnalog.a(analog.o)
                0x00003568                Analog_Init
 .text.Analog_Get
                0x000035e4       0x78 C:\Users\theod\workspace.kds\Project\Library\libAnalog.a(analog.o)
                0x000035e4                Analog_Get
 .text.Analog_Put
                0x0000365c       0x50 C:\Users\theod\workspace.kds\Project\Library\libAnalog.a(analog.o)
                0x0000365c                Analog_Put
 .text.InitChipSelectPins
                0x000036ac       0x6c C:\Users\theod\workspace.kds\Project\Library\libAnalog.a(SPI.o)
 .text.SetupModuleConfigurationRegister
                0x00003718      0x104 C:\Users\theod\workspace.kds\Project\Library\libAnalog.a(SPI.o)
 .text.SetBaudRate
                0x0000381c      0x15c C:\Users\theod\workspace.kds\Project\Library\libAnalog.a(SPI.o)
 .text.SetDelayAfterTransfer
                0x00003978      0x168 C:\Users\theod\workspace.kds\Project\Library\libAnalog.a(SPI.o)
 .text.SetupClockAndTransferAttributesRegister
                0x00003ae0      0x16c C:\Users\theod\workspace.kds\Project\Library\libAnalog.a(SPI.o)
 .text.SPI_Init
                0x00003c4c       0x90 C:\Users\theod\workspace.kds\Project\Library\libAnalog.a(SPI.o)
                0x00003c4c                SPI_Init
 .text.SPI_SelectSlaveDevice
                0x00003cdc       0x6c C:\Users\theod\workspace.kds\Project\Library\libAnalog.a(SPI.o)
                0x00003cdc                SPI_SelectSlaveDevice
 .text.SPI_Exchange
                0x00003d48       0x94 C:\Users\theod\workspace.kds\Project\Library\libAnalog.a(SPI.o)
                0x00003d48                SPI_Exchange
 .text.sqrt     0x00003ddc       0xbc c:/freescale/kds_v3/toolchain/bin/../lib/gcc/arm-none-eabi/4.8.4/../../../../arm-none-eabi/lib/armv7e-m/fpu\libm.a(lib_a-w_sqrt.o)
                0x00003ddc                sqrt
 .text.__ieee754_sqrt
                0x00003e98      0x198 c:/freescale/kds_v3/toolchain/bin/../lib/gcc/arm-none-eabi/4.8.4/../../../../arm-none-eabi/lib/armv7e-m/fpu\libm.a(lib_a-e_sqrt.o)
                0x00003e98                __ieee754_sqrt
 .text.__fpclassifyd
                0x00004030       0x54 c:/freescale/kds_v3/toolchain/bin/../lib/gcc/arm-none-eabi/4.8.4/../../../../arm-none-eabi/lib/armv7e-m/fpu\libm.a(lib_a-s_fpclassify.o)
                0x00004030                __fpclassifyd
 .text.matherr  0x00004084        0x4 c:/freescale/kds_v3/toolchain/bin/../lib/gcc/arm-none-eabi/4.8.4/../../../../arm-none-eabi/lib/armv7e-m/fpu\libm.a(lib_a-s_matherr.o)
                0x00004084                matherr
 .text.__errno  0x00004088        0xc c:/freescale/kds_v3/toolchain/bin/../lib/gcc/arm-none-eabi/4.8.4/../../../../arm-none-eabi/lib/armv7e-m/fpu\libg_s.a(lib_a-errno.o)
                0x00004088                __errno
 .text.exit     0x00004094       0x28 c:/freescale/kds_v3/toolchain/bin/../lib/gcc/arm-none-eabi/4.8.4/../../../../arm-none-eabi/lib/armv7e-m/fpu\libg_s.a(lib_a-exit.o)
                0x00004094                exit
 .text.__libc_init_array
                0x000040bc       0x4c c:/freescale/kds_v3/toolchain/bin/../lib/gcc/arm-none-eabi/4.8.4/../../../../arm-none-eabi/lib/armv7e-m/fpu\libg_s.a(lib_a-init.o)
                0x000040bc                __libc_init_array
 .text.memset   0x00004108       0x10 c:/freescale/kds_v3/toolchain/bin/../lib/gcc/arm-none-eabi/4.8.4/../../../../arm-none-eabi/lib/armv7e-m/fpu\libg_s.a(lib_a-memset.o)
                0x00004108                memset
 .text._exit    0x00004118        0x4 c:/freescale/kds_v3/toolchain/bin/../lib/gcc/arm-none-eabi/4.8.4/../../../../arm-none-eabi/lib/armv7e-m/fpu\libnosys.a(_exit.o)
                0x00004118                _exit
 *(.rodata)
 .rodata        0x0000411c        0x4 C:\Users\theod\workspace.kds\Project\Library\libAnalog.a(analog.o)
 .rodata        0x00004120       0xa0 C:\Users\theod\workspace.kds\Project\Library\libAnalog.a(SPI.o)
 *(.rodata*)
 .rodata.ALARM_THREAD_PRIORITIES
                0x000041c0        0x4 ./Sources/main.o
                0x000041c0                ALARM_THREAD_PRIORITIES
 .rodata.PACKET_ACK_MASK
                0x000041c4        0x1 ./Sources/packet.o
                0x000041c4                PACKET_ACK_MASK
 *fill*         0x000041c5        0x3 
 .rodata.SPI_SETUP
                0x000041c8       0x1c C:\Users\theod\workspace.kds\Project\Library\libAnalog.a(analog.o)
 .rodata.str1.4
                0x000041e4        0x8 c:/freescale/kds_v3/toolchain/bin/../lib/gcc/arm-none-eabi/4.8.4/../../../../arm-none-eabi/lib/armv7e-m/fpu\libm.a(lib_a-w_sqrt.o)
 .rodata.str1.1
                0x000041ec        0x2 c:/freescale/kds_v3/toolchain/bin/../lib/gcc/arm-none-eabi/4.8.4/../../../../arm-none-eabi/lib/armv7e-m/fpu\libg_s.a(lib_a-impure.o)
 *fill*         0x000041ee        0x2 
 .rodata._global_impure_ptr
                0x000041f0        0x4 c:/freescale/kds_v3/toolchain/bin/../lib/gcc/arm-none-eabi/4.8.4/../../../../arm-none-eabi/lib/armv7e-m/fpu\libg_s.a(lib_a-impure.o)
                0x000041f0                _global_impure_ptr
 *(.glue_7)
 .glue_7        0x00000000        0x0 linker stubs
 *(.glue_7t)
 .glue_7t       0x00000000        0x0 linker stubs
 *(.eh_frame)
 .eh_frame      0x000041f4        0x0 c:/freescale/kds_v3/toolchain/bin/../lib/gcc/arm-none-eabi/4.8.4/armv7e-m/fpu/crtbegin.o
 *(.init)
 .init          0x000041f4        0x4 c:/freescale/kds_v3/toolchain/bin/../lib/gcc/arm-none-eabi/4.8.4/armv7e-m/fpu/crti.o
                0x000041f4                _init
 .init          0x000041f8        0x8 c:/freescale/kds_v3/toolchain/bin/../lib/gcc/arm-none-eabi/4.8.4/armv7e-m/fpu/crtn.o
 *(.fini)
 .fini          0x00004200        0x4 c:/freescale/kds_v3/toolchain/bin/../lib/gcc/arm-none-eabi/4.8.4/armv7e-m/fpu/crti.o
                0x00004200                _fini
 .fini          0x00004204        0x8 c:/freescale/kds_v3/toolchain/bin/../lib/gcc/arm-none-eabi/4.8.4/armv7e-m/fpu/crtn.o
                0x0000420c                . = ALIGN (0x4)
                0x0000420c                _etext = .

.vfp11_veneer   0x0000420c        0x0
 .vfp11_veneer  0x00000000        0x0 linker stubs

.v4_bx          0x0000420c        0x0
 .v4_bx         0x00000000        0x0 linker stubs

.iplt           0x0000420c        0x0
 .iplt          0x00000000        0x0 c:/freescale/kds_v3/toolchain/bin/../lib/gcc/arm-none-eabi/4.8.4/armv7e-m/fpu/crtbegin.o

.ARM.extab
 *(.ARM.extab* .gnu.linkonce.armextab.*)

.ARM            0x0000420c        0x8
                0x0000420c                __exidx_start = .
 *(.ARM.exidx*)
 .ARM.exidx     0x0000420c        0x8 c:/freescale/kds_v3/toolchain/bin/../lib/gcc/arm-none-eabi/4.8.4/../../../../arm-none-eabi/lib/armv7e-m/fpu/crt0.o
                0x00004214                __exidx_end = .

.rel.dyn        0x00004214        0x0
 .rel.iplt      0x00000000        0x0 c:/freescale/kds_v3/toolchain/bin/../lib/gcc/arm-none-eabi/4.8.4/armv7e-m/fpu/crtbegin.o

.ctors          0x00004214        0x0
                0x00004214                __CTOR_LIST__ = .
 *crtbegin.o(.ctors)
 *(EXCLUDE_FILE(*crtend.o) .ctors)
 *(SORT(.ctors.*))
 *(.ctors)
                0x00004214                __CTOR_END__ = .

.dtors          0x00004214        0x0
                0x00004214                __DTOR_LIST__ = .
 *crtbegin.o(.dtors)
 *(EXCLUDE_FILE(*crtend.o) .dtors)
 *(SORT(.dtors.*))
 *(.dtors)
                0x00004214                __DTOR_END__ = .

.preinit_array  0x00004214        0x0
                0x00004214                PROVIDE (__preinit_array_start, .)
 *(.preinit_array*)
                0x00004214                PROVIDE (__preinit_array_end, .)

.init_array     0x00004214        0x4
                0x00004214                PROVIDE (__init_array_start, .)
 *(SORT(.init_array.*))
 *(.init_array*)
 .init_array    0x00004214        0x4 c:/freescale/kds_v3/toolchain/bin/../lib/gcc/arm-none-eabi/4.8.4/armv7e-m/fpu/crtbegin.o
                0x00004218                PROVIDE (__init_array_end, .)

.fini_array     0x00004218        0x4
                0x00004218                PROVIDE (__fini_array_start, .)
 *(SORT(.fini_array.*))
 *(.fini_array*)
 .fini_array    0x00004218        0x4 c:/freescale/kds_v3/toolchain/bin/../lib/gcc/arm-none-eabi/4.8.4/armv7e-m/fpu/crtbegin.o
                0x0000421c                PROVIDE (__fini_array_end, .)
                0x0000421c                ___ROM_AT = .

.data           0x1fff0000      0x140 load address 0x0000421c
                0x1fff0000                . = ALIGN (0x4)
                0x1fff0000                _sdata = .
 *(.data)
 *(.data*)
 .data.AlarmThreadData
                0x1fff0000       0xd8 ./Sources/main.o
                0x1fff0000                AlarmThreadData
 .data.__fdlib_version
                0x1fff00d8        0x1 c:/freescale/kds_v3/toolchain/bin/../lib/gcc/arm-none-eabi/4.8.4/../../../../arm-none-eabi/lib/armv7e-m/fpu\libm.a(lib_a-s_lib_ver.o)
                0x1fff00d8                __fdlib_version
 *fill*         0x1fff00d9        0x3 
 .data.impure_data
                0x1fff00dc       0x60 c:/freescale/kds_v3/toolchain/bin/../lib/gcc/arm-none-eabi/4.8.4/../../../../arm-none-eabi/lib/armv7e-m/fpu\libg_s.a(lib_a-impure.o)
 .data._impure_ptr
                0x1fff013c        0x4 c:/freescale/kds_v3/toolchain/bin/../lib/gcc/arm-none-eabi/4.8.4/../../../../arm-none-eabi/lib/armv7e-m/fpu\libg_s.a(lib_a-impure.o)
                0x1fff013c                _impure_ptr
                0x1fff0140                . = ALIGN (0x4)
                0x1fff0140                _edata = .
                0x00000140                ___data_size = (_edata - _sdata)
                0x0000435c                ___m_data_20000000_ROMStart = (___ROM_AT + SIZEOF (.data))

.jcr            0x1fff0140        0x0 load address 0x0000435c
 .jcr           0x1fff0140        0x0 c:/freescale/kds_v3/toolchain/bin/../lib/gcc/arm-none-eabi/4.8.4/armv7e-m/fpu/crtbegin.o

.igot.plt       0x1fff0140        0x0 load address 0x0000435c
 .igot.plt      0x00000000        0x0 c:/freescale/kds_v3/toolchain/bin/../lib/gcc/arm-none-eabi/4.8.4/armv7e-m/fpu/crtbegin.o

.m_data_20000000
                0x20000000        0x0 load address 0x0000435c
                0x20000000                . = ALIGN (0x4)
                0x20000000                ___m_data_20000000_RAMStart = .
 *(.m_data_20000000)
                0x20000000                ___m_data_20000000_RAMEnd = .
                0x20000000                . = ALIGN (0x4)
                0x00000000                ___m_data_20000000_ROMSize = (___m_data_20000000_RAMEnd - ___m_data_20000000_RAMStart)
                0x20000000                . = ALIGN (0x4)

.bss            0x1fff0140     0x3a74 load address 0x00004360
                0x1fff0140                __START_BSS = .
                0x1fff0140                PROVIDE (__bss_start__, __START_BSS)
 *(.bss)
 .bss           0x1fff0140       0x1c c:/freescale/kds_v3/toolchain/bin/../lib/gcc/arm-none-eabi/4.8.4/armv7e-m/fpu/crtbegin.o
 *(.bss*)
 .bss.UsedFlashMap
                0x1fff015c        0x8 ./Sources/Flash.o
 .bss.hasInitialized.5603
                0x1fff0164        0x1 ./Sources/LEDs.o
 *fill*         0x1fff0165        0x3 
 .bss.ModuleClk
                0x1fff0168        0x4 ./Sources/PIT.o
 .bss.CallbackFuncPtr
                0x1fff016c        0x4 ./Sources/PIT.o
 .bss.CallbackArgs
                0x1fff0170        0x4 ./Sources/PIT.o
 .bss.RxFIFO    0x1fff0174      0x110 ./Sources/UART.o
 .bss.TxFIFO    0x1fff0284      0x110 ./Sources/UART.o
 .bss.ByteReceived
                0x1fff0394        0x4 ./Sources/UART.o
 .bss.TransmitReady
                0x1fff0398        0x4 ./Sources/UART.o
 .bss.RxByte    0x1fff039c        0x1 ./Sources/UART.o
 .bss.Mode      0x1fff039d        0x1 ./Sources/handle.o
                0x1fff039d                Mode
 *fill*         0x1fff039e        0x2 
 .bss.InitModulesThreadStack
                0x1fff03a0      0x4b0 ./Sources/main.o
 .bss.UART_RecieveStack
                0x1fff0850      0x4b0 ./Sources/main.o
 .bss.UART_TransmitStack
                0x1fff0d00      0x4b0 ./Sources/main.o
 .bss.Sample_Stack
                0x1fff11b0      0x4b0 ./Sources/main.o
 .bss.SignalsOutput_Stack
                0x1fff1660      0x4b0 ./Sources/main.o
 .bss.HandlePacketStack
                0x1fff1b10      0x4b0 ./Sources/main.o
 .bss.RMSThreadStack
                0x1fff1fc0      0x4b0 ./Sources/main.o
 .bss.AlarmThreadStacks
                0x1fff2470      0xe10 ./Sources/main.o
 .bss.inverseTimerDelay
                0x1fff3280       0x18 ./Sources/main.o
 .bss.OutofRange
                0x1fff3298        0x1 ./Sources/main.o
                0x1fff3298                OutofRange
 .bss.InitSuccess
                0x1fff3299        0x1 ./Sources/main.o
                0x1fff3299                InitSuccess
 *fill*         0x1fff329a        0x2 
 .bss.NbRaises  0x1fff329c        0x4 ./Sources/main.o
                0x1fff329c                NbRaises
 .bss.NbRaisesCount
                0x1fff32a0        0x1 ./Sources/main.o
                0x1fff32a0                NbRaisesCount
 *fill*         0x1fff32a1        0x3 
 .bss.NbLowers  0x1fff32a4        0x4 ./Sources/main.o
                0x1fff32a4                NbLowers
 .bss.NbLowersCount
                0x1fff32a8        0x1 ./Sources/main.o
                0x1fff32a8                NbLowersCount
 .bss.sampleCount.7361
                0x1fff32a9        0x1 ./Sources/main.o
 .bss.hasInitialized.6645
                0x1fff32aa        0x1 ./Sources/packet.o
 .bss.count.6649
                0x1fff32ab        0x1 ./Sources/packet.o
 .bss.packet.6648
                0x1fff32ac        0x8 ./Sources/packet.o
 .bss.SR_lock   0x1fff32b4        0x1 ./Generated_Code/Cpu.o
                0x1fff32b4                SR_lock
 *fill*         0x1fff32b5        0x3 
 .bss.TCBUnusedMain
                0x1fff32b8       0x18 C:\Users\theod\workspace.kds\Project\Library\libOS.a(OS.o)
 .bss.TCBTable  0x1fff32d0      0x300 C:\Users\theod\workspace.kds\Project\Library\libOS.a(OS.o)
 .bss.pTCBFreeList
                0x1fff35d0        0x4 C:\Users\theod\workspace.kds\Project\Library\libOS.a(OS.o)
 .bss.pTCBAllocatedList
                0x1fff35d4        0x4 C:\Users\theod\workspace.kds\Project\Library\libOS.a(OS.o)
 .bss.pTCBPriorityTable
                0x1fff35d8       0x80 C:\Users\theod\workspace.kds\Project\Library\libOS.a(OS.o)
 .bss.pTCBRunning
                0x1fff3658        0x4 C:\Users\theod\workspace.kds\Project\Library\libOS.a(OS.o)
 .bss.pTCBHighestReady
                0x1fff365c        0x4 C:\Users\theod\workspace.kds\Project\Library\libOS.a(OS.o)
 .bss.ReadyList
                0x1fff3660        0x4 C:\Users\theod\workspace.kds\Project\Library\libOS.a(OS.o)
 .bss.ECBTable  0x1fff3664      0x100 C:\Users\theod\workspace.kds\Project\Library\libOS.a(OS.o)
 .bss.NextECBFree
                0x1fff3764        0x1 C:\Users\theod\workspace.kds\Project\Library\libOS.a(OS.o)
 *fill*         0x1fff3765        0x3 
 .bss.IdleCounter
                0x1fff3768        0x4 C:\Users\theod\workspace.kds\Project\Library\libOS.a(OS.o)
 *fill*         0x1fff376c        0x4 
 .bss.IdleStack
                0x1fff3770      0x400 C:\Users\theod\workspace.kds\Project\Library\libOS.a(OS.o)
 .bss.Ticks     0x1fff3b70        0x4 C:\Users\theod\workspace.kds\Project\Library\libOS.a(OS.o)
 .bss.ToggleCntr
                0x1fff3b74        0x4 C:\Users\theod\workspace.kds\Project\Library\libOS.a(OS.o)
 .bss.ToggleLED
                0x1fff3b78        0x1 C:\Users\theod\workspace.kds\Project\Library\libOS.a(OS.o)
 .bss.ISRNestLevel
                0x1fff3b79        0x1 C:\Users\theod\workspace.kds\Project\Library\libOS.a(OS.o)
 *fill*         0x1fff3b7a        0x2 
 .bss.ADCCommandUnion
                0x1fff3b7c        0x4 C:\Users\theod\workspace.kds\Project\Library\libAnalog.a(analog.o)
 *(COMMON)
 COMMON         0x1fff3b80        0x4 ./Sources/PIT.o
                0x1fff3b80                PITSemaphore
 COMMON         0x1fff3b84       0x10 ./Sources/handle.o
                0x1fff3b84                LowersNb
                0x1fff3b88                NvTowerNb
                0x1fff3b8c                NvTowerMode
                0x1fff3b90                RaisesNb
 COMMON         0x1fff3b94        0xc ./Sources/main.o
                0x1fff3b94                RMSCalcSemaphore
                0x1fff3b98                SignalOutputSemaphore
                0x1fff3b9c                PITCountSemaphore
 COMMON         0x1fff3ba0        0xc ./Sources/packet.o
                0x1fff3ba0                Packet
                0x1fff3ba8                Packet_ByteReady
 COMMON         0x1fff3bac        0x1 ./Generated_Code/Cpu.o
                0x1fff3bac                SR_reg
 *fill*         0x1fff3bad        0x3 
 COMMON         0x1fff3bb0        0x4 C:\Users\theod\workspace.kds\Project\Library\libAnalog.a(analog.o)
                0x1fff3bb0                DACInput
                0x1fff3bb4                . = ALIGN (0x4)
                0x1fff3bb4                __END_BSS = .
                0x1fff3bb4                PROVIDE (__bss_end__, __END_BSS)
                0x0000435c                _romp_at = ((___ROM_AT + SIZEOF (.data)) + SIZEOF (.m_data_20000000))

.romp           0x1fff3bb4       0x24 load address 0x0000435c
                0x0000435c                __S_romp = _romp_at
                0x1fff3bb4        0x4 LONG 0x421c ___ROM_AT
                0x1fff3bb8        0x4 LONG 0x1fff0000 _sdata
                0x1fff3bbc        0x4 LONG 0x140 ___data_size
                0x1fff3bc0        0x4 LONG 0x435c ___m_data_20000000_ROMStart
                0x1fff3bc4        0x4 LONG 0x20000000 ___m_data_20000000_RAMStart
                0x1fff3bc8        0x4 LONG 0x0 ___m_data_20000000_ROMSize
                0x1fff3bcc        0x4 LONG 0x0
                0x1fff3bd0        0x4 LONG 0x0
                0x1fff3bd4        0x4 LONG 0x0

._user_heap_stack
                0x1fff3bd8      0x400 load address 0x00004380
                0x1fff3bd8                . = ALIGN (0x4)
                0x1fff3bd8                PROVIDE (end, .)
                0x1fff3bd8                PROVIDE (_end, .)
                0x1fff3bd8                __heap_addr = .
                0x1fff3bd8                __HeapBase = .
                0x1fff3bd8                . = (. + __heap_size)
                0x1fff3bd8                __HeapLimit = .
                0x1fff3fd8                . = (. + __stack_size)
 *fill*         0x1fff3bd8      0x400 
                0x1fff3fd8                . = ALIGN (0x4)

.ARM.attributes
                0x00000000       0x30
 *(.ARM.attributes)
 .ARM.attributes
                0x00000000       0x22 c:/freescale/kds_v3/toolchain/bin/../lib/gcc/arm-none-eabi/4.8.4/armv7e-m/fpu/crti.o
 .ARM.attributes
                0x00000022       0x34 c:/freescale/kds_v3/toolchain/bin/../lib/gcc/arm-none-eabi/4.8.4/armv7e-m/fpu/crtbegin.o
 .ARM.attributes
                0x00000056       0x20 c:/freescale/kds_v3/toolchain/bin/../lib/gcc/arm-none-eabi/4.8.4/../../../../arm-none-eabi/lib/armv7e-m/fpu/crt0.o
 .ARM.attributes
                0x00000076       0x39 ./Sources/FIFO.o
 .ARM.attributes
                0x000000af       0x39 ./Sources/Flash.o
 .ARM.attributes
                0x000000e8       0x39 ./Sources/LEDs.o
 .ARM.attributes
                0x00000121       0x39 ./Sources/PIT.o
 .ARM.attributes
                0x0000015a       0x39 ./Sources/RMS.o
 .ARM.attributes
                0x00000193       0x39 ./Sources/UART.o
 .ARM.attributes
                0x000001cc       0x39 ./Sources/VRR.o
 .ARM.attributes
                0x00000205       0x39 ./Sources/handle.o
 .ARM.attributes
                0x0000023e       0x39 ./Sources/main.o
 .ARM.attributes
                0x00000277       0x39 ./Sources/packet.o
 .ARM.attributes
                0x000002b0       0x39 ./Project_Settings/Startup_Code/startup.o
 .ARM.attributes
                0x000002e9       0x39 ./Generated_Code/Cpu.o
 .ARM.attributes
                0x00000322       0x39 ./Generated_Code/Vectors.o
 .ARM.attributes
                0x0000035b       0x39 C:\Users\theod\workspace.kds\Project\Library\libOS.a(OS.o)
 .ARM.attributes
                0x00000394       0x39 C:\Users\theod\workspace.kds\Project\Library\libAnalog.a(analog.o)
 .ARM.attributes
                0x000003cd       0x39 C:\Users\theod\workspace.kds\Project\Library\libAnalog.a(SPI.o)
 .ARM.attributes
                0x00000406       0x34 c:/freescale/kds_v3/toolchain/bin/../lib/gcc/arm-none-eabi/4.8.4/../../../../arm-none-eabi/lib/armv7e-m/fpu\libm.a(lib_a-w_sqrt.o)
 .ARM.attributes
                0x0000043a       0x34 c:/freescale/kds_v3/toolchain/bin/../lib/gcc/arm-none-eabi/4.8.4/../../../../arm-none-eabi/lib/armv7e-m/fpu\libm.a(lib_a-e_sqrt.o)
 .ARM.attributes
                0x0000046e       0x34 c:/freescale/kds_v3/toolchain/bin/../lib/gcc/arm-none-eabi/4.8.4/../../../../arm-none-eabi/lib/armv7e-m/fpu\libm.a(lib_a-s_fpclassify.o)
 .ARM.attributes
                0x000004a2       0x34 c:/freescale/kds_v3/toolchain/bin/../lib/gcc/arm-none-eabi/4.8.4/../../../../arm-none-eabi/lib/armv7e-m/fpu\libm.a(lib_a-s_lib_ver.o)
 .ARM.attributes
                0x000004d6       0x34 c:/freescale/kds_v3/toolchain/bin/../lib/gcc/arm-none-eabi/4.8.4/../../../../arm-none-eabi/lib/armv7e-m/fpu\libm.a(lib_a-s_matherr.o)
 .ARM.attributes
                0x0000050a       0x22 c:/freescale/kds_v3/toolchain/bin/../lib/gcc/arm-none-eabi/4.8.4/armv7e-m/fpu\libgcc.a(_arm_addsubdf3.o)
 .ARM.attributes
                0x0000052c       0x22 c:/freescale/kds_v3/toolchain/bin/../lib/gcc/arm-none-eabi/4.8.4/armv7e-m/fpu\libgcc.a(_arm_muldivdf3.o)
 .ARM.attributes
                0x0000054e       0x22 c:/freescale/kds_v3/toolchain/bin/../lib/gcc/arm-none-eabi/4.8.4/armv7e-m/fpu\libgcc.a(_arm_cmpdf2.o)
 .ARM.attributes
                0x00000570       0x22 c:/freescale/kds_v3/toolchain/bin/../lib/gcc/arm-none-eabi/4.8.4/armv7e-m/fpu\libgcc.a(_arm_fixdfsi.o)
 .ARM.attributes
                0x00000592       0x22 c:/freescale/kds_v3/toolchain/bin/../lib/gcc/arm-none-eabi/4.8.4/armv7e-m/fpu\libgcc.a(_arm_fixunsdfsi.o)
 .ARM.attributes
                0x000005b4       0x22 c:/freescale/kds_v3/toolchain/bin/../lib/gcc/arm-none-eabi/4.8.4/armv7e-m/fpu\libgcc.a(_arm_truncdfsf2.o)
 .ARM.attributes
                0x000005d6       0x34 c:/freescale/kds_v3/toolchain/bin/../lib/gcc/arm-none-eabi/4.8.4/armv7e-m/fpu\libgcc.a(_fixunsdfdi.o)
 .ARM.attributes
                0x0000060a       0x34 c:/freescale/kds_v3/toolchain/bin/../lib/gcc/arm-none-eabi/4.8.4/../../../../arm-none-eabi/lib/armv7e-m/fpu\libg_s.a(lib_a-errno.o)
 .ARM.attributes
                0x0000063e       0x34 c:/freescale/kds_v3/toolchain/bin/../lib/gcc/arm-none-eabi/4.8.4/../../../../arm-none-eabi/lib/armv7e-m/fpu\libg_s.a(lib_a-exit.o)
 .ARM.attributes
                0x00000672       0x34 c:/freescale/kds_v3/toolchain/bin/../lib/gcc/arm-none-eabi/4.8.4/../../../../arm-none-eabi/lib/armv7e-m/fpu\libg_s.a(lib_a-impure.o)
 .ARM.attributes
                0x000006a6       0x34 c:/freescale/kds_v3/toolchain/bin/../lib/gcc/arm-none-eabi/4.8.4/../../../../arm-none-eabi/lib/armv7e-m/fpu\libg_s.a(lib_a-init.o)
 .ARM.attributes
                0x000006da       0x34 c:/freescale/kds_v3/toolchain/bin/../lib/gcc/arm-none-eabi/4.8.4/../../../../arm-none-eabi/lib/armv7e-m/fpu\libg_s.a(lib_a-memset.o)
 .ARM.attributes
                0x0000070e       0x34 c:/freescale/kds_v3/toolchain/bin/../lib/gcc/arm-none-eabi/4.8.4/../../../../arm-none-eabi/lib/armv7e-m/fpu\libnosys.a(_exit.o)
 .ARM.attributes
                0x00000742       0x22 c:/freescale/kds_v3/toolchain/bin/../lib/gcc/arm-none-eabi/4.8.4/armv7e-m/fpu/crtn.o
OUTPUT(Project.elf elf32-littlearm)

.debug_info     0x00000000     0x5ddf
 .debug_info    0x00000000      0x20d ./Sources/FIFO.o
 .debug_info    0x0000020d      0x707 ./Sources/Flash.o
 .debug_info    0x00000914      0x4a6 ./Sources/LEDs.o
 .debug_info    0x00000dba      0x617 ./Sources/PIT.o
 .debug_info    0x000013d1      0x127 ./Sources/RMS.o
 .debug_info    0x000014f8      0xabe ./Sources/UART.o
 .debug_info    0x00001fb6       0xe0 ./Sources/VRR.o
 .debug_info    0x00002096      0x59e ./Sources/handle.o
 .debug_info    0x00002634      0x790 ./Sources/main.o
 .debug_info    0x00002dc4      0x30e ./Sources/packet.o
 .debug_info    0x000030d2      0x3b0 ./Project_Settings/Startup_Code/startup.o
 .debug_info    0x00003482      0xc82 ./Generated_Code/Cpu.o
 .debug_info    0x00004104      0x10f ./Generated_Code/Vectors.o
 .debug_info    0x00004213      0xd02 C:\Users\theod\workspace.kds\Project\Library\libOS.a(OS.o)
 .debug_info    0x00004f15      0x46a C:\Users\theod\workspace.kds\Project\Library\libAnalog.a(analog.o)
 .debug_info    0x0000537f      0xa60 C:\Users\theod\workspace.kds\Project\Library\libAnalog.a(SPI.o)

.debug_abbrev   0x00000000     0x1703
 .debug_abbrev  0x00000000       0xbf ./Sources/FIFO.o
 .debug_abbrev  0x000000bf      0x210 ./Sources/Flash.o
 .debug_abbrev  0x000002cf      0x155 ./Sources/LEDs.o
 .debug_abbrev  0x00000424      0x1b7 ./Sources/PIT.o
 .debug_abbrev  0x000005db       0x86 ./Sources/RMS.o
 .debug_abbrev  0x00000661      0x202 ./Sources/UART.o
 .debug_abbrev  0x00000863       0x7f ./Sources/VRR.o
 .debug_abbrev  0x000008e2      0x176 ./Sources/handle.o
 .debug_abbrev  0x00000a58      0x1d5 ./Sources/main.o
 .debug_abbrev  0x00000c2d      0x106 ./Sources/packet.o
 .debug_abbrev  0x00000d33      0x189 ./Project_Settings/Startup_Code/startup.o
 .debug_abbrev  0x00000ebc      0x185 ./Generated_Code/Cpu.o
 .debug_abbrev  0x00001041       0xa4 ./Generated_Code/Vectors.o
 .debug_abbrev  0x000010e5      0x2f8 C:\Users\theod\workspace.kds\Project\Library\libOS.a(OS.o)
 .debug_abbrev  0x000013dd      0x151 C:\Users\theod\workspace.kds\Project\Library\libAnalog.a(analog.o)
 .debug_abbrev  0x0000152e      0x1d5 C:\Users\theod\workspace.kds\Project\Library\libAnalog.a(SPI.o)

.debug_aranges  0x00000000      0x480
 .debug_aranges
                0x00000000       0x30 ./Sources/FIFO.o
 .debug_aranges
                0x00000030       0x68 ./Sources/Flash.o
 .debug_aranges
                0x00000098       0x38 ./Sources/LEDs.o
 .debug_aranges
                0x000000d0       0x38 ./Sources/PIT.o
 .debug_aranges
                0x00000108       0x20 ./Sources/RMS.o
 .debug_aranges
                0x00000128       0x50 ./Sources/UART.o
 .debug_aranges
                0x00000178       0x28 ./Sources/VRR.o
 .debug_aranges
                0x000001a0       0x70 ./Sources/handle.o
 .debug_aranges
                0x00000210       0x48 ./Sources/main.o
 .debug_aranges
                0x00000258       0x30 ./Sources/packet.o
 .debug_aranges
                0x00000288       0x50 ./Project_Settings/Startup_Code/startup.o
 .debug_aranges
                0x000002d8       0x38 ./Generated_Code/Cpu.o
 .debug_aranges
                0x00000310       0x18 ./Generated_Code/Vectors.o
 .debug_aranges
                0x00000328       0xc8 C:\Users\theod\workspace.kds\Project\Library\libOS.a(OS.o)
 .debug_aranges
                0x000003f0       0x38 C:\Users\theod\workspace.kds\Project\Library\libAnalog.a(analog.o)
 .debug_aranges
                0x00000428       0x58 C:\Users\theod\workspace.kds\Project\Library\libAnalog.a(SPI.o)

.debug_ranges   0x00000000      0x390
 .debug_ranges  0x00000000       0x20 ./Sources/FIFO.o
 .debug_ranges  0x00000020       0x58 ./Sources/Flash.o
 .debug_ranges  0x00000078       0x28 ./Sources/LEDs.o
 .debug_ranges  0x000000a0       0x28 ./Sources/PIT.o
 .debug_ranges  0x000000c8       0x10 ./Sources/RMS.o
 .debug_ranges  0x000000d8       0x40 ./Sources/UART.o
 .debug_ranges  0x00000118       0x18 ./Sources/VRR.o
 .debug_ranges  0x00000130       0x60 ./Sources/handle.o
 .debug_ranges  0x00000190       0x50 ./Sources/main.o
 .debug_ranges  0x000001e0       0x20 ./Sources/packet.o
 .debug_ranges  0x00000200       0x40 ./Project_Settings/Startup_Code/startup.o
 .debug_ranges  0x00000240       0x28 ./Generated_Code/Cpu.o
 .debug_ranges  0x00000268       0xb8 C:\Users\theod\workspace.kds\Project\Library\libOS.a(OS.o)
 .debug_ranges  0x00000320       0x28 C:\Users\theod\workspace.kds\Project\Library\libAnalog.a(analog.o)
 .debug_ranges  0x00000348       0x48 C:\Users\theod\workspace.kds\Project\Library\libAnalog.a(SPI.o)

.debug_macro    0x00000000    0x37635
 .debug_macro   0x00000000       0xb1 ./Sources/FIFO.o
 .debug_macro   0x000000b1      0x850 ./Sources/FIFO.o
 .debug_macro   0x00000901       0x16 ./Sources/FIFO.o
 .debug_macro   0x00000917       0x44 ./Sources/FIFO.o
 .debug_macro   0x0000095b      0x209 ./Sources/FIFO.o
 .debug_macro   0x00000b64     0x17fa ./Sources/FIFO.o
 .debug_macro   0x0000235e      0x14e ./Sources/FIFO.o
 .debug_macro   0x000024ac       0x64 ./Sources/FIFO.o
 .debug_macro   0x00002510    0x174c1 ./Sources/FIFO.o
 .debug_macro   0x000199d1       0x9a ./Sources/FIFO.o
 .debug_macro   0x00019a6b       0x22 ./Sources/FIFO.o
 .debug_macro   0x00019a8d       0x36 ./Sources/FIFO.o
 .debug_macro   0x00019ac3      0x11b ./Sources/Flash.o
 .debug_macro   0x00019bde       0x58 ./Sources/Flash.o
 .debug_macro   0x00019c36       0x35 ./Sources/Flash.o
 .debug_macro   0x00019c6b       0xa3 ./Sources/Flash.o
 .debug_macro   0x00019d0e      0x166 ./Sources/Flash.o
 .debug_macro   0x00019e74       0x4a ./Sources/Flash.o
 .debug_macro   0x00019ebe       0x52 ./Sources/Flash.o
 .debug_macro   0x00019f10       0x16 ./Sources/Flash.o
 .debug_macro   0x00019f26       0x43 ./Sources/Flash.o
 .debug_macro   0x00019f69      0x180 ./Sources/Flash.o
 .debug_macro   0x0001a0e9      0x2a6 ./Sources/Flash.o
 .debug_macro   0x0001a38f       0x10 ./Sources/Flash.o
 .debug_macro   0x0001a39f       0x35 ./Sources/Flash.o
 .debug_macro   0x0001a3d4      0x20f ./Sources/Flash.o
 .debug_macro   0x0001a5e3       0x2e ./Sources/Flash.o
 .debug_macro   0x0001a611       0x72 ./Sources/LEDs.o
 .debug_macro   0x0001a683      0x165 ./Sources/PIT.o
 .debug_macro   0x0001a7e8       0x16 ./Sources/PIT.o
 .debug_macro   0x0001a7fe       0x97 ./Sources/PIT.o
 .debug_macro   0x0001a895       0x10 ./Sources/PIT.o
 .debug_macro   0x0001a8a5       0xef ./Sources/PIT.o
 .debug_macro   0x0001a994       0x10 ./Sources/PIT.o
 .debug_macro   0x0001a9a4       0x22 ./Sources/PIT.o
 .debug_macro   0x0001a9c6       0xbd ./Sources/PIT.o
 .debug_macro   0x0001aa83       0x16 ./Sources/PIT.o
 .debug_macro   0x0001aa99      0x14a ./Sources/PIT.o
 .debug_macro   0x0001abe3     0x17fa ./Sources/PIT.o
 .debug_macro   0x0001c3dd       0xf0 ./Sources/RMS.o
 .debug_macro   0x0001c4cd       0xde ./Sources/RMS.o
 .debug_macro   0x0001c5ab       0xae ./Sources/UART.o
 .debug_macro   0x0001c659     0x1800 ./Sources/UART.o
 .debug_macro   0x0001de59       0x10 ./Sources/UART.o
 .debug_macro   0x0001de69       0x65 ./Sources/VRR.o
 .debug_macro   0x0001dece      0x189 ./Sources/handle.o
 .debug_macro   0x0001e057       0x3a ./Sources/handle.o
 .debug_macro   0x0001e091      0x1c1 ./Sources/main.o
 .debug_macro   0x0001e252     0x17f4 ./Sources/main.o
 .debug_macro   0x0001fa46       0x30 ./Sources/main.o
 .debug_macro   0x0001fa76       0x10 ./Sources/main.o
 .debug_macro   0x0001fa86       0x3a ./Sources/main.o
 .debug_macro   0x0001fac0       0x10 ./Sources/main.o
 .debug_macro   0x0001fad0       0xc4 ./Sources/packet.o
 .debug_macro   0x0001fb94      0x121 ./Project_Settings/Startup_Code/startup.o
 .debug_macro   0x0001fcb5       0x16 ./Project_Settings/Startup_Code/startup.o
 .debug_macro   0x0001fccb       0x22 ./Project_Settings/Startup_Code/startup.o
 .debug_macro   0x0001fced       0x16 ./Project_Settings/Startup_Code/startup.o
 .debug_macro   0x0001fd03    0x174af ./Project_Settings/Startup_Code/startup.o
 .debug_macro   0x000371b2       0x84 ./Generated_Code/Cpu.o
 .debug_macro   0x00037236       0xa0 ./Generated_Code/Cpu.o
 .debug_macro   0x000372d6       0xbb ./Generated_Code/Vectors.o
 .debug_macro   0x00037391       0xa3 C:\Users\theod\workspace.kds\Project\Library\libOS.a(OS.o)
 .debug_macro   0x00037434       0x94 C:\Users\theod\workspace.kds\Project\Library\libOS.a(OS.o)
 .debug_macro   0x000374c8       0xf5 C:\Users\theod\workspace.kds\Project\Library\libAnalog.a(analog.o)
 .debug_macro   0x000375bd       0x10 C:\Users\theod\workspace.kds\Project\Library\libAnalog.a(analog.o)
 .debug_macro   0x000375cd       0x68 C:\Users\theod\workspace.kds\Project\Library\libAnalog.a(SPI.o)

.debug_line     0x00000000     0x31ee
 .debug_line    0x00000000      0x2a5 ./Sources/FIFO.o
 .debug_line    0x000002a5      0x40e ./Sources/Flash.o
 .debug_line    0x000006b3      0x25b ./Sources/LEDs.o
 .debug_line    0x0000090e      0x37b ./Sources/PIT.o
 .debug_line    0x00000c89      0x20f ./Sources/RMS.o
 .debug_line    0x00000e98      0x31e ./Sources/UART.o
 .debug_line    0x000011b6      0x1c7 ./Sources/VRR.o
 .debug_line    0x0000137d      0x46e ./Sources/handle.o
 .debug_line    0x000017eb      0x518 ./Sources/main.o
 .debug_line    0x00001d03      0x2cb ./Sources/packet.o
 .debug_line    0x00001fce      0x3c8 ./Project_Settings/Startup_Code/startup.o
 .debug_line    0x00002396      0x275 ./Generated_Code/Cpu.o
 .debug_line    0x0000260b      0x27a ./Generated_Code/Vectors.o
 .debug_line    0x00002885      0x496 C:\Users\theod\workspace.kds\Project\Library\libOS.a(OS.o)
 .debug_line    0x00002d1b      0x200 C:\Users\theod\workspace.kds\Project\Library\libAnalog.a(analog.o)
 .debug_line    0x00002f1b      0x2d3 C:\Users\theod\workspace.kds\Project\Library\libAnalog.a(SPI.o)

.debug_str      0x00000000    0x90101
 .debug_str     0x00000000    0x8a677 ./Sources/FIFO.o
                              0x8a7ef (size before relaxing)
 .debug_str     0x0008a677     0x2811 ./Sources/Flash.o
                              0x855ec (size before relaxing)
 .debug_str     0x0008ce88      0x1f0 ./Sources/LEDs.o
                              0x82f02 (size before relaxing)
 .debug_str     0x0008d078      0xb4e ./Sources/PIT.o
                              0x8c92a (size before relaxing)
 .debug_str     0x0008dbc6      0x6dc ./Sources/RMS.o
                               0x4be8 (size before relaxing)
 .debug_str     0x0008e2a2      0x262 ./Sources/UART.o
                              0x8abaf (size before relaxing)
 .debug_str     0x0008e504       0x5c ./Sources/VRR.o
                               0x2fb3 (size before relaxing)
 .debug_str     0x0008e560      0x657 ./Sources/handle.o
                              0x8d447 (size before relaxing)
 .debug_str     0x0008ebb7      0x3fa ./Sources/main.o
                              0x8cc42 (size before relaxing)
 .debug_str     0x0008efb1       0x51 ./Sources/packet.o
                              0x8aa93 (size before relaxing)
 .debug_str     0x0008f002      0x218 ./Project_Settings/Startup_Code/startup.o
                              0x853ea (size before relaxing)
 .debug_str     0x0008f21a      0x20b ./Generated_Code/Cpu.o
                              0x8aa1b (size before relaxing)
 .debug_str     0x0008f425       0x1c ./Generated_Code/Vectors.o
                              0x8a78c (size before relaxing)
 .debug_str     0x0008f441      0x3a5 C:\Users\theod\workspace.kds\Project\Library\libOS.a(OS.o)
                              0x8ad2a (size before relaxing)
 .debug_str     0x0008f7e6      0x571 C:\Users\theod\workspace.kds\Project\Library\libAnalog.a(analog.o)
                               0x3866 (size before relaxing)
 .debug_str     0x0008fd57      0x3aa C:\Users\theod\workspace.kds\Project\Library\libAnalog.a(SPI.o)
                              0x83389 (size before relaxing)

.comment        0x00000000       0x70
 .comment       0x00000000       0x70 ./Sources/FIFO.o
                                 0x71 (size before relaxing)
 .comment       0x00000000       0x71 ./Sources/Flash.o
 .comment       0x00000000       0x71 ./Sources/LEDs.o
 .comment       0x00000000       0x71 ./Sources/PIT.o
 .comment       0x00000000       0x71 ./Sources/RMS.o
 .comment       0x00000000       0x71 ./Sources/UART.o
 .comment       0x00000000       0x71 ./Sources/VRR.o
 .comment       0x00000000       0x71 ./Sources/handle.o
 .comment       0x00000000       0x71 ./Sources/main.o
 .comment       0x00000000       0x71 ./Sources/packet.o
 .comment       0x00000000       0x71 ./Project_Settings/Startup_Code/startup.o
 .comment       0x00000000       0x71 ./Generated_Code/Cpu.o
 .comment       0x00000000       0x71 ./Generated_Code/Vectors.o
 .comment       0x00000000       0x71 C:\Users\theod\workspace.kds\Project\Library\libOS.a(OS.o)
 .comment       0x00000000       0x71 C:\Users\theod\workspace.kds\Project\Library\libAnalog.a(analog.o)
 .comment       0x00000000       0x71 C:\Users\theod\workspace.kds\Project\Library\libAnalog.a(SPI.o)

.debug_frame    0x00000000      0xdb8
 .debug_frame   0x00000000       0x70 ./Sources/FIFO.o
 .debug_frame   0x00000070      0x140 ./Sources/Flash.o
 .debug_frame   0x000001b0       0x7c ./Sources/LEDs.o
 .debug_frame   0x0000022c       0x90 ./Sources/PIT.o
 .debug_frame   0x000002bc       0x30 ./Sources/RMS.o
 .debug_frame   0x000002ec       0xf4 ./Sources/UART.o
 .debug_frame   0x000003e0       0x50 ./Sources/VRR.o
 .debug_frame   0x00000430      0x140 ./Sources/handle.o
 .debug_frame   0x00000570       0xd0 ./Sources/main.o
 .debug_frame   0x00000640       0x6c ./Sources/packet.o
 .debug_frame   0x000006ac       0xc0 ./Project_Settings/Startup_Code/startup.o
 .debug_frame   0x0000076c       0x80 ./Generated_Code/Cpu.o
 .debug_frame   0x000007ec      0x2a0 C:\Users\theod\workspace.kds\Project\Library\libOS.a(OS.o)
 .debug_frame   0x00000a8c       0x90 C:\Users\theod\workspace.kds\Project\Library\libAnalog.a(analog.o)
 .debug_frame   0x00000b1c      0x100 C:\Users\theod\workspace.kds\Project\Library\libAnalog.a(SPI.o)
 .debug_frame   0x00000c1c       0x38 c:/freescale/kds_v3/toolchain/bin/../lib/gcc/arm-none-eabi/4.8.4/../../../../arm-none-eabi/lib/armv7e-m/fpu\libm.a(lib_a-w_sqrt.o)
 .debug_frame   0x00000c54       0x3c c:/freescale/kds_v3/toolchain/bin/../lib/gcc/arm-none-eabi/4.8.4/../../../../arm-none-eabi/lib/armv7e-m/fpu\libm.a(lib_a-e_sqrt.o)
 .debug_frame   0x00000c90       0x28 c:/freescale/kds_v3/toolchain/bin/../lib/gcc/arm-none-eabi/4.8.4/../../../../arm-none-eabi/lib/armv7e-m/fpu\libm.a(lib_a-s_fpclassify.o)
 .debug_frame   0x00000cb8       0x20 c:/freescale/kds_v3/toolchain/bin/../lib/gcc/arm-none-eabi/4.8.4/../../../../arm-none-eabi/lib/armv7e-m/fpu\libm.a(lib_a-s_matherr.o)
 .debug_frame   0x00000cd8       0x2c c:/freescale/kds_v3/toolchain/bin/../lib/gcc/arm-none-eabi/4.8.4/armv7e-m/fpu\libgcc.a(_fixunsdfdi.o)
 .debug_frame   0x00000d04       0x20 c:/freescale/kds_v3/toolchain/bin/../lib/gcc/arm-none-eabi/4.8.4/../../../../arm-none-eabi/lib/armv7e-m/fpu\libg_s.a(lib_a-errno.o)
 .debug_frame   0x00000d24       0x28 c:/freescale/kds_v3/toolchain/bin/../lib/gcc/arm-none-eabi/4.8.4/../../../../arm-none-eabi/lib/armv7e-m/fpu\libg_s.a(lib_a-exit.o)
 .debug_frame   0x00000d4c       0x2c c:/freescale/kds_v3/toolchain/bin/../lib/gcc/arm-none-eabi/4.8.4/../../../../arm-none-eabi/lib/armv7e-m/fpu\libg_s.a(lib_a-init.o)
 .debug_frame   0x00000d78       0x20 c:/freescale/kds_v3/toolchain/bin/../lib/gcc/arm-none-eabi/4.8.4/../../../../arm-none-eabi/lib/armv7e-m/fpu\libg_s.a(lib_a-memset.o)
 .debug_frame   0x00000d98       0x20 c:/freescale/kds_v3/toolchain/bin/../lib/gcc/arm-none-eabi/4.8.4/../../../../arm-none-eabi/lib/armv7e-m/fpu\libnosys.a(_exit.o)
